// Jest Snapshot v1, https://goo.gl/fbAQLP

exports[`snapshots renders a list of channels 1`] = `<ul />`;
